2026-10-04 12:07:40,356	[INFO]	(client.py:162)_bot_login	[botpy] 登录机器人账号中...
2026-10-04 12:07:40,644	[INFO]	(robot.py:65)update_access_token	[botpy] access_token expires_in 7200
2026-10-04 12:07:41,105	[INFO]	(client.py:181)_bot_init	[botpy] 程序启动...
2026-10-04 12:07:41,105	[INFO]	(connection.py:60)multi_run	[botpy] 最大并发连接数: 1, 启动会话数: 1
2026-10-04 12:07:41,106	[INFO]	(client.py:242)bot_connect	[botpy] 会话启动中...
2026-10-04 12:07:41,106	[INFO]	(gateway.py:115)ws_connect	[botpy] 启动中...
2026-10-04 12:07:41,268	[INFO]	(gateway.py:142)ws_identify	[botpy] 鉴权中...
2026-10-04 12:07:41,420	[INFO]	(gateway.py:85)on_message	[botpy] 机器人「Holo」启动成功！
2026-10-04 12:07:41,421	[INFO]	(gateway.py:223)_send_heart	[botpy] 心跳维持启动...
2026-10-04 12:08:28,642	[INFO]	(main.py:18)on_group_at_message_create	from user[7E61198234379490D26B18EA7FA14D69] in group[121ACF0197C29B416DA058BC1BD6EE68]:  喵喵喵
2026-10-04 12:29:26,981	[INFO]	(client.py:162)_bot_login	[botpy] 登录机器人账号中...
2026-10-04 12:29:27,172	[INFO]	(robot.py:65)update_access_token	[botpy] access_token expires_in 5893
2026-10-04 12:29:27,657	[INFO]	(client.py:181)_bot_init	[botpy] 程序启动...
2026-10-04 12:29:27,657	[INFO]	(connection.py:60)multi_run	[botpy] 最大并发连接数: 1, 启动会话数: 1
2026-10-04 12:29:27,657	[INFO]	(client.py:242)bot_connect	[botpy] 会话启动中...
2026-10-04 12:29:27,657	[INFO]	(gateway.py:115)ws_connect	[botpy] 启动中...
2026-10-04 12:29:27,851	[INFO]	(gateway.py:142)ws_identify	[botpy] 鉴权中...
2026-10-04 12:29:28,042	[INFO]	(gateway.py:85)on_message	[botpy] 机器人「Holo」启动成功！
2026-10-04 12:29:28,043	[INFO]	(gateway.py:223)_send_heart	[botpy] 心跳维持启动...
2026-10-04 12:29:44,516	[INFO]	(main.py:19)on_group_at_message_create	from user[7E61198234379490D26B18EA7FA14D69] in group[121ACF0197C29B416DA058BC1BD6EE68]:  阿巴阿巴
2026-10-04 12:30:42,885	[INFO]	(main.py:19)on_group_at_message_create	from user[7E61198234379490D26B18EA7FA14D69] in group[121ACF0197C29B416DA058BC1BD6EE68]:  阿巴阿巴
2026-10-04 12:33:17,482	[INFO]	(client.py:162)_bot_login	[botpy] 登录机器人账号中...
2026-10-04 12:33:17,657	[INFO]	(robot.py:65)update_access_token	[botpy] access_token expires_in 5663
2026-10-04 12:33:18,408	[INFO]	(client.py:181)_bot_init	[botpy] 程序启动...
2026-10-04 12:33:18,408	[INFO]	(connection.py:60)multi_run	[botpy] 最大并发连接数: 1, 启动会话数: 1
2026-10-04 12:33:18,409	[INFO]	(client.py:242)bot_connect	[botpy] 会话启动中...
2026-10-04 12:33:18,409	[INFO]	(gateway.py:115)ws_connect	[botpy] 启动中...
2026-10-04 12:33:18,586	[INFO]	(gateway.py:142)ws_identify	[botpy] 鉴权中...
2026-10-04 12:33:18,800	[INFO]	(gateway.py:85)on_message	[botpy] 机器人「Holo」启动成功！
2026-10-04 12:33:18,800	[INFO]	(gateway.py:223)_send_heart	[botpy] 心跳维持启动...
2026-10-04 12:33:22,838	[INFO]	(main.py:19)on_group_at_message_create	from user[7E61198234379490D26B18EA7FA14D69] in group[121ACF0197C29B416DA058BC1BD6EE68]:  阿巴阿巴
2026-10-04 12:39:06,619	[INFO]	(client.py:162)_bot_login	[botpy] 登录机器人账号中...
2026-10-04 12:39:06,907	[INFO]	(robot.py:65)update_access_token	[botpy] access_token expires_in 5314
2026-10-04 12:39:07,458	[INFO]	(client.py:181)_bot_init	[botpy] 程序启动...
2026-10-04 12:39:07,459	[INFO]	(connection.py:60)multi_run	[botpy] 最大并发连接数: 1, 启动会话数: 1
2026-10-04 12:39:07,459	[INFO]	(client.py:242)bot_connect	[botpy] 会话启动中...
2026-10-04 12:39:07,459	[INFO]	(gateway.py:115)ws_connect	[botpy] 启动中...
2026-10-04 12:39:07,617	[INFO]	(gateway.py:142)ws_identify	[botpy] 鉴权中...
2026-10-04 12:39:07,777	[INFO]	(gateway.py:85)on_message	[botpy] 机器人「Holo」启动成功！
2026-10-04 12:39:07,778	[INFO]	(gateway.py:223)_send_heart	[botpy] 心跳维持启动...
2026-10-04 12:39:27,837	[INFO]	(main.py:19)on_group_at_message_create	from user[7E61198234379490D26B18EA7FA14D69] in group[121ACF0197C29B416DA058BC1BD6EE68]:  emm
2026-10-04 12:50:08,605	[INFO]	(client.py:162)_bot_login	[botpy] 登录机器人账号中...
2026-10-04 12:50:08,800	[INFO]	(robot.py:65)update_access_token	[botpy] access_token expires_in 4652
2026-10-04 12:50:09,664	[INFO]	(client.py:181)_bot_init	[botpy] 程序启动...
2026-10-04 12:50:09,664	[INFO]	(connection.py:60)multi_run	[botpy] 最大并发连接数: 1, 启动会话数: 1
2026-10-04 12:50:09,665	[INFO]	(client.py:242)bot_connect	[botpy] 会话启动中...
2026-10-04 12:50:09,665	[INFO]	(gateway.py:115)ws_connect	[botpy] 启动中...
2026-10-04 12:50:09,825	[INFO]	(gateway.py:142)ws_identify	[botpy] 鉴权中...
2026-10-04 12:50:09,991	[INFO]	(gateway.py:85)on_message	[botpy] 机器人「Holo」启动成功！
2026-10-04 12:50:09,991	[INFO]	(gateway.py:223)_send_heart	[botpy] 心跳维持启动...
2026-10-04 12:50:18,946	[INFO]	(main.py:20)on_group_at_message_create	from user[7E61198234379490D26B18EA7FA14D69] in group[121ACF0197C29B416DA058BC1BD6EE68]:  w
2026-10-04 12:50:31,674	[INFO]	(main.py:20)on_group_at_message_create	from user[7E61198234379490D26B18EA7FA14D69] in group[121ACF0197C29B416DA058BC1BD6EE68]:  good
2026-10-04 14:03:01,608	[INFO]	(client.py:162)_bot_login	[botpy] 登录机器人账号中...
2026-10-04 14:03:01,793	[INFO]	(robot.py:65)update_access_token	[botpy] access_token expires_in 279
2026-10-04 14:03:02,282	[INFO]	(client.py:181)_bot_init	[botpy] 程序启动...
2026-10-04 14:03:02,282	[INFO]	(connection.py:60)multi_run	[botpy] 最大并发连接数: 1, 启动会话数: 1
2026-10-04 14:03:02,282	[INFO]	(client.py:242)bot_connect	[botpy] 会话启动中...
2026-10-04 14:03:02,282	[INFO]	(gateway.py:115)ws_connect	[botpy] 启动中...
2026-10-04 14:03:02,432	[INFO]	(gateway.py:142)ws_identify	[botpy] 鉴权中...
2026-10-04 14:03:02,674	[INFO]	(gateway.py:85)on_message	[botpy] 机器人「Holo」启动成功！
2026-10-04 14:03:02,675	[INFO]	(gateway.py:223)_send_heart	[botpy] 心跳维持启动...
2026-10-04 14:03:17,843	[INFO]	(main.py:25)on_group_at_message_create	from user[7E61198234379490D26B18EA7FA14D69] in group[121ACF0197C29B416DA058BC1BD6EE68]:  /info
2026-10-04 14:03:55,761	[INFO]	(main.py:25)on_group_at_message_create	from user[7E61198234379490D26B18EA7FA14D69] in group[121ACF0197C29B416DA058BC1BD6EE68]:  pwp
2026-10-04 14:04:20,308	[INFO]	(client.py:162)_bot_login	[botpy] 登录机器人账号中...
2026-10-04 14:04:20,610	[INFO]	(robot.py:65)update_access_token	[botpy] access_token expires_in 200
2026-10-04 14:04:21,499	[INFO]	(client.py:181)_bot_init	[botpy] 程序启动...
2026-10-04 14:04:21,500	[INFO]	(connection.py:60)multi_run	[botpy] 最大并发连接数: 1, 启动会话数: 1
2026-10-04 14:04:21,500	[INFO]	(client.py:242)bot_connect	[botpy] 会话启动中...
2026-10-04 14:04:21,500	[INFO]	(gateway.py:115)ws_connect	[botpy] 启动中...
2026-10-04 14:04:21,670	[INFO]	(gateway.py:142)ws_identify	[botpy] 鉴权中...
2026-10-04 14:04:21,821	[INFO]	(gateway.py:85)on_message	[botpy] 机器人「Holo」启动成功！
2026-10-04 14:04:21,821	[INFO]	(gateway.py:223)_send_heart	[botpy] 心跳维持启动...
2026-10-04 14:06:41,671	[INFO]	(client.py:162)_bot_login	[botpy] 登录机器人账号中...
2026-10-04 14:06:41,899	[INFO]	(robot.py:65)update_access_token	[botpy] access_token expires_in 7200
2026-10-04 14:06:42,520	[INFO]	(client.py:181)_bot_init	[botpy] 程序启动...
2026-10-04 14:06:42,520	[INFO]	(connection.py:60)multi_run	[botpy] 最大并发连接数: 1, 启动会话数: 1
2026-10-04 14:06:42,521	[INFO]	(client.py:242)bot_connect	[botpy] 会话启动中...
2026-10-04 14:06:42,521	[INFO]	(gateway.py:115)ws_connect	[botpy] 启动中...
2026-10-04 14:06:42,692	[INFO]	(gateway.py:142)ws_identify	[botpy] 鉴权中...
2026-10-04 14:06:42,967	[INFO]	(gateway.py:85)on_message	[botpy] 机器人「Holo」启动成功！
2026-10-04 14:06:42,967	[INFO]	(gateway.py:223)_send_heart	[botpy] 心跳维持启动...
2026-10-04 14:21:55,674	[INFO]	(client.py:162)_bot_login	[botpy] 登录机器人账号中...
2026-10-04 14:21:55,863	[INFO]	(robot.py:65)update_access_token	[botpy] access_token expires_in 6286
2026-10-04 14:21:56,341	[INFO]	(client.py:181)_bot_init	[botpy] 程序启动...
2026-10-04 14:21:56,341	[INFO]	(connection.py:60)multi_run	[botpy] 最大并发连接数: 1, 启动会话数: 1
2026-10-04 14:21:56,341	[INFO]	(client.py:242)bot_connect	[botpy] 会话启动中...
2026-10-04 14:21:56,341	[INFO]	(gateway.py:115)ws_connect	[botpy] 启动中...
2026-10-04 14:21:56,490	[INFO]	(gateway.py:142)ws_identify	[botpy] 鉴权中...
2026-10-04 14:21:56,695	[INFO]	(gateway.py:85)on_message	[botpy] 机器人「Holo」启动成功！
2026-10-04 14:21:56,695	[INFO]	(gateway.py:223)_send_heart	[botpy] 心跳维持启动...
2026-10-04 14:29:39,468	[INFO]	(client.py:162)_bot_login	[botpy] 登录机器人账号中...
2026-10-04 14:29:39,751	[INFO]	(robot.py:65)update_access_token	[botpy] access_token expires_in 5822
2026-10-04 14:29:40,587	[INFO]	(client.py:181)_bot_init	[botpy] 程序启动...
2026-10-04 14:29:40,587	[INFO]	(connection.py:60)multi_run	[botpy] 最大并发连接数: 1, 启动会话数: 1
2026-10-04 14:29:40,587	[INFO]	(client.py:242)bot_connect	[botpy] 会话启动中...
2026-10-04 14:29:40,587	[INFO]	(gateway.py:115)ws_connect	[botpy] 启动中...
2026-10-04 14:29:40,757	[INFO]	(gateway.py:142)ws_identify	[botpy] 鉴权中...
2026-10-04 14:29:40,945	[INFO]	(gateway.py:85)on_message	[botpy] 机器人「Holo」启动成功！
2026-10-04 14:29:40,945	[INFO]	(gateway.py:223)_send_heart	[botpy] 心跳维持启动...
2026-10-04 14:31:32,048	[INFO]	(client.py:162)_bot_login	[botpy] 登录机器人账号中...
2026-10-04 14:31:32,203	[INFO]	(robot.py:65)update_access_token	[botpy] access_token expires_in 5710
2026-10-04 14:31:32,866	[INFO]	(client.py:181)_bot_init	[botpy] 程序启动...
2026-10-04 14:31:32,866	[INFO]	(connection.py:60)multi_run	[botpy] 最大并发连接数: 1, 启动会话数: 1
2026-10-04 14:31:32,867	[INFO]	(client.py:242)bot_connect	[botpy] 会话启动中...
2026-10-04 14:31:32,867	[INFO]	(gateway.py:115)ws_connect	[botpy] 启动中...
2026-10-04 14:31:33,059	[INFO]	(gateway.py:142)ws_identify	[botpy] 鉴权中...
2026-10-04 14:31:33,258	[INFO]	(gateway.py:85)on_message	[botpy] 机器人「Holo」启动成功！
2026-10-04 14:31:33,258	[INFO]	(gateway.py:223)_send_heart	[botpy] 心跳维持启动...
2026-10-04 14:34:04,344	[INFO]	(client.py:162)_bot_login	[botpy] 登录机器人账号中...
2026-10-04 14:34:04,529	[INFO]	(robot.py:65)update_access_token	[botpy] access_token expires_in 5557
2026-10-04 14:34:05,415	[INFO]	(client.py:181)_bot_init	[botpy] 程序启动...
2026-10-04 14:34:05,416	[INFO]	(connection.py:60)multi_run	[botpy] 最大并发连接数: 1, 启动会话数: 1
2026-10-04 14:34:05,416	[INFO]	(client.py:242)bot_connect	[botpy] 会话启动中...
2026-10-04 14:34:05,416	[INFO]	(gateway.py:115)ws_connect	[botpy] 启动中...
2026-10-04 14:34:05,581	[INFO]	(gateway.py:142)ws_identify	[botpy] 鉴权中...
2026-10-04 14:34:05,715	[INFO]	(gateway.py:85)on_message	[botpy] 机器人「Holo」启动成功！
2026-10-04 14:34:05,715	[INFO]	(gateway.py:223)_send_heart	[botpy] 心跳维持启动...
2026-10-04 14:39:27,413	[INFO]	(client.py:162)_bot_login	[botpy] 登录机器人账号中...
2026-10-04 14:39:27,578	[INFO]	(robot.py:65)update_access_token	[botpy] access_token expires_in 5234
2026-10-04 14:39:28,307	[INFO]	(client.py:181)_bot_init	[botpy] 程序启动...
2026-10-04 14:39:28,307	[INFO]	(connection.py:60)multi_run	[botpy] 最大并发连接数: 1, 启动会话数: 1
2026-10-04 14:39:28,307	[INFO]	(client.py:242)bot_connect	[botpy] 会话启动中...
2026-10-04 14:39:28,307	[INFO]	(gateway.py:115)ws_connect	[botpy] 启动中...
2026-10-04 14:39:28,480	[INFO]	(gateway.py:142)ws_identify	[botpy] 鉴权中...
2026-10-04 14:39:28,947	[INFO]	(gateway.py:85)on_message	[botpy] 机器人「Holo」启动成功！
2026-10-04 14:39:28,947	[INFO]	(gateway.py:223)_send_heart	[botpy] 心跳维持启动...
2026-10-04 14:43:18,702	[INFO]	(client.py:162)_bot_login	[botpy] 登录机器人账号中...
2026-10-04 14:43:18,861	[INFO]	(robot.py:65)update_access_token	[botpy] access_token expires_in 5003
2026-10-04 14:43:19,861	[INFO]	(client.py:181)_bot_init	[botpy] 程序启动...
2026-10-04 14:43:19,861	[INFO]	(connection.py:60)multi_run	[botpy] 最大并发连接数: 1, 启动会话数: 1
2026-10-04 14:43:19,862	[INFO]	(client.py:242)bot_connect	[botpy] 会话启动中...
2026-10-04 14:43:19,862	[INFO]	(gateway.py:115)ws_connect	[botpy] 启动中...
2026-10-04 14:43:20,058	[INFO]	(gateway.py:142)ws_identify	[botpy] 鉴权中...
2026-10-04 14:43:20,232	[INFO]	(gateway.py:85)on_message	[botpy] 机器人「Holo」启动成功！
2026-10-04 14:43:20,232	[INFO]	(gateway.py:223)_send_heart	[botpy] 心跳维持启动...
2026-10-04 14:43:29,660	[INFO]	(main.py:25)on_group_at_message_create	from user[7E61198234379490D26B18EA7FA14D69] in group[121ACF0197C29B416DA058BC1BD6EE68]:   
2026-10-04 14:43:58,529	[INFO]	(client.py:162)_bot_login	[botpy] 登录机器人账号中...
2026-10-04 14:43:58,712	[INFO]	(robot.py:65)update_access_token	[botpy] access_token expires_in 4963
2026-10-04 14:43:59,263	[INFO]	(client.py:181)_bot_init	[botpy] 程序启动...
2026-10-04 14:43:59,263	[INFO]	(connection.py:60)multi_run	[botpy] 最大并发连接数: 1, 启动会话数: 1
2026-10-04 14:43:59,264	[INFO]	(client.py:242)bot_connect	[botpy] 会话启动中...
2026-10-04 14:43:59,264	[INFO]	(gateway.py:115)ws_connect	[botpy] 启动中...
2026-10-04 14:43:59,438	[INFO]	(gateway.py:142)ws_identify	[botpy] 鉴权中...
2026-10-04 14:43:59,589	[INFO]	(gateway.py:85)on_message	[botpy] 机器人「Holo」启动成功！
2026-10-04 14:43:59,589	[INFO]	(gateway.py:223)_send_heart	[botpy] 心跳维持启动...
2026-10-04 14:44:06,812	[INFO]	(main.py:25)on_group_at_message_create	from user[7E61198234379490D26B18EA7FA14D69] in group[121ACF0197C29B416DA058BC1BD6EE68]:  /info
2026-10-04 14:44:37,259	[INFO]	(client.py:162)_bot_login	[botpy] 登录机器人账号中...
2026-10-04 14:44:37,586	[INFO]	(robot.py:65)update_access_token	[botpy] access_token expires_in 4924
2026-10-04 14:44:38,332	[INFO]	(client.py:181)_bot_init	[botpy] 程序启动...
2026-10-04 14:44:38,332	[INFO]	(connection.py:60)multi_run	[botpy] 最大并发连接数: 1, 启动会话数: 1
2026-10-04 14:44:38,332	[INFO]	(client.py:242)bot_connect	[botpy] 会话启动中...
2026-10-04 14:44:38,332	[INFO]	(gateway.py:115)ws_connect	[botpy] 启动中...
2026-10-04 14:44:38,492	[INFO]	(gateway.py:142)ws_identify	[botpy] 鉴权中...
2026-10-04 14:44:38,672	[INFO]	(gateway.py:85)on_message	[botpy] 机器人「Holo」启动成功！
2026-10-04 14:44:38,673	[INFO]	(gateway.py:223)_send_heart	[botpy] 心跳维持启动...
2026-10-04 14:44:42,339	[INFO]	(main.py:25)on_group_at_message_create	from user[7E61198234379490D26B18EA7FA14D69] in group[121ACF0197C29B416DA058BC1BD6EE68]:  /info
2026-10-04 14:45:34,874	[INFO]	(client.py:162)_bot_login	[botpy] 登录机器人账号中...
2026-10-04 14:45:35,106	[INFO]	(robot.py:65)update_access_token	[botpy] access_token expires_in 4867
2026-10-04 14:45:35,953	[INFO]	(client.py:181)_bot_init	[botpy] 程序启动...
2026-10-04 14:45:35,954	[INFO]	(connection.py:60)multi_run	[botpy] 最大并发连接数: 1, 启动会话数: 1
2026-10-04 14:45:35,954	[INFO]	(client.py:242)bot_connect	[botpy] 会话启动中...
2026-10-04 14:45:35,954	[INFO]	(gateway.py:115)ws_connect	[botpy] 启动中...
2026-10-04 14:45:36,107	[INFO]	(gateway.py:142)ws_identify	[botpy] 鉴权中...
2026-10-04 14:45:36,414	[INFO]	(gateway.py:85)on_message	[botpy] 机器人「Holo」启动成功！
2026-10-04 14:45:36,414	[INFO]	(gateway.py:223)_send_heart	[botpy] 心跳维持启动...
2026-10-04 14:45:40,872	[INFO]	(main.py:25)on_group_at_message_create	from user[7E61198234379490D26B18EA7FA14D69] in group[121ACF0197C29B416DA058BC1BD6EE68]:  info
2026-10-04 14:45:45,989	[INFO]	(main.py:25)on_group_at_message_create	from user[7E61198234379490D26B18EA7FA14D69] in group[121ACF0197C29B416DA058BC1BD6EE68]:  /info
2026-10-04 14:46:08,788	[INFO]	(main.py:25)on_group_at_message_create	from user[7E61198234379490D26B18EA7FA14D69] in group[121ACF0197C29B416DA058BC1BD6EE68]:  /
2026-10-04 14:46:17,074	[INFO]	(main.py:25)on_group_at_message_create	from user[7E61198234379490D26B18EA7FA14D69] in group[121ACF0197C29B416DA058BC1BD6EE68]:     / info
2026-10-04 14:46:21,809	[INFO]	(main.py:25)on_group_at_message_create	from user[7E61198234379490D26B18EA7FA14D69] in group[121ACF0197C29B416DA058BC1BD6EE68]:     / info
2026-10-04 14:46:28,646	[INFO]	(main.py:25)on_group_at_message_create	from user[7E61198234379490D26B18EA7FA14D69] in group[121ACF0197C29B416DA058BC1BD6EE68]:         /info
2026-10-04 15:09:12,524	[INFO]	(main.py:25)on_group_at_message_create	from user[7E61198234379490D26B18EA7FA14D69] in group[121ACF0197C29B416DA058BC1BD6EE68]:      /info w
2026-10-04 15:45:36,183	[INFO]	(gateway.py:56)on_closed	[botpy] 关闭, 返回码: 4009, 返回信息: Session timed out
2026-10-04 15:45:36,184	[INFO]	(gateway.py:134)ws_connect	[botpy] ws关闭, 停止接收消息!
2026-10-04 15:45:41,186	[INFO]	(connection.py:60)multi_run	[botpy] 最大并发连接数: 1, 启动会话数: 1
2026-10-04 15:45:41,186	[INFO]	(client.py:242)bot_connect	[botpy] 会话启动中...
2026-10-04 15:45:41,186	[INFO]	(gateway.py:115)ws_connect	[botpy] 启动中...
2026-10-04 15:45:41,373	[INFO]	(gateway.py:175)ws_resume	[botpy] 重连启动...
2026-10-04 15:45:41,492	[INFO]	(gateway.py:90)on_message	[botpy] 机器人重连成功! 
2026-10-04 15:45:41,492	[INFO]	(gateway.py:223)_send_heart	[botpy] 心跳维持启动...
2026-10-04 16:00:28,331	[INFO]	(client.py:162)_bot_login	[botpy] 登录机器人账号中...
2026-10-04 16:00:28,521	[INFO]	(robot.py:65)update_access_token	[botpy] access_token expires_in 374
2026-10-04 16:00:29,098	[INFO]	(client.py:181)_bot_init	[botpy] 程序启动...
2026-10-04 16:00:29,099	[INFO]	(connection.py:60)multi_run	[botpy] 最大并发连接数: 1, 启动会话数: 1
2026-10-04 16:00:29,099	[INFO]	(client.py:242)bot_connect	[botpy] 会话启动中...
2026-10-04 16:00:29,099	[INFO]	(gateway.py:115)ws_connect	[botpy] 启动中...
2026-10-04 16:00:29,245	[INFO]	(gateway.py:142)ws_identify	[botpy] 鉴权中...
2026-10-04 16:00:29,429	[INFO]	(gateway.py:85)on_message	[botpy] 机器人「Holo」启动成功！
2026-10-04 16:00:29,429	[INFO]	(gateway.py:223)_send_heart	[botpy] 心跳维持启动...
2026-10-04 16:01:06,919	[INFO]	(client.py:162)_bot_login	[botpy] 登录机器人账号中...
2026-10-04 16:01:07,103	[INFO]	(robot.py:65)update_access_token	[botpy] access_token expires_in 335
2026-10-04 16:01:07,537	[INFO]	(client.py:181)_bot_init	[botpy] 程序启动...
2026-10-04 16:01:07,537	[INFO]	(connection.py:60)multi_run	[botpy] 最大并发连接数: 1, 启动会话数: 1
2026-10-04 16:01:07,537	[INFO]	(client.py:242)bot_connect	[botpy] 会话启动中...
2026-10-04 16:01:07,537	[INFO]	(gateway.py:115)ws_connect	[botpy] 启动中...
2026-10-04 16:01:07,709	[INFO]	(gateway.py:142)ws_identify	[botpy] 鉴权中...
2026-10-04 16:01:08,026	[INFO]	(gateway.py:85)on_message	[botpy] 机器人「Holo」启动成功！
2026-10-04 16:01:08,026	[INFO]	(gateway.py:223)_send_heart	[botpy] 心跳维持启动...
2026-10-04 16:02:00,270	[INFO]	(client.py:162)_bot_login	[botpy] 登录机器人账号中...
2026-10-04 16:02:00,445	[INFO]	(robot.py:65)update_access_token	[botpy] access_token expires_in 282
2026-10-04 16:02:00,861	[INFO]	(client.py:181)_bot_init	[botpy] 程序启动...
2026-10-04 16:02:00,862	[INFO]	(connection.py:60)multi_run	[botpy] 最大并发连接数: 1, 启动会话数: 1
2026-10-04 16:02:00,862	[INFO]	(client.py:242)bot_connect	[botpy] 会话启动中...
2026-10-04 16:02:00,862	[INFO]	(gateway.py:115)ws_connect	[botpy] 启动中...
2026-10-04 16:02:01,033	[INFO]	(gateway.py:142)ws_identify	[botpy] 鉴权中...
2026-10-04 16:02:01,165	[INFO]	(gateway.py:85)on_message	[botpy] 机器人「Holo」启动成功！
2026-10-04 16:02:01,165	[INFO]	(gateway.py:223)_send_heart	[botpy] 心跳维持启动...
2026-10-04 16:02:04,991	[INFO]	(client.py:162)_bot_login	[botpy] 登录机器人账号中...
2026-10-04 16:02:05,172	[INFO]	(robot.py:65)update_access_token	[botpy] access_token expires_in 277
2026-10-04 16:02:06,017	[INFO]	(client.py:181)_bot_init	[botpy] 程序启动...
2026-10-04 16:02:06,017	[INFO]	(connection.py:60)multi_run	[botpy] 最大并发连接数: 1, 启动会话数: 1
2026-10-04 16:02:06,017	[INFO]	(client.py:242)bot_connect	[botpy] 会话启动中...
2026-10-04 16:02:06,017	[INFO]	(gateway.py:115)ws_connect	[botpy] 启动中...
2026-10-04 16:02:06,177	[INFO]	(gateway.py:142)ws_identify	[botpy] 鉴权中...
2026-10-04 16:02:06,329	[INFO]	(gateway.py:85)on_message	[botpy] 机器人「Holo」启动成功！
2026-10-04 16:02:06,329	[INFO]	(gateway.py:223)_send_heart	[botpy] 心跳维持启动...
2026-10-04 16:13:33,090	[INFO]	(client.py:162)_bot_login	[botpy] 登录机器人账号中...
2026-10-04 16:13:33,339	[INFO]	(robot.py:65)update_access_token	[botpy] access_token expires_in 7200
2026-10-04 16:13:33,972	[INFO]	(client.py:181)_bot_init	[botpy] 程序启动...
2026-10-04 16:13:33,972	[INFO]	(connection.py:60)multi_run	[botpy] 最大并发连接数: 1, 启动会话数: 1
2026-10-04 16:13:33,972	[INFO]	(client.py:242)bot_connect	[botpy] 会话启动中...
2026-10-04 16:13:33,972	[INFO]	(gateway.py:115)ws_connect	[botpy] 启动中...
2026-10-04 16:13:34,174	[INFO]	(gateway.py:142)ws_identify	[botpy] 鉴权中...
2026-10-04 16:13:34,337	[INFO]	(gateway.py:85)on_message	[botpy] 机器人「Holo」启动成功！
2026-10-04 16:13:34,337	[INFO]	(gateway.py:223)_send_heart	[botpy] 心跳维持启动...
2026-10-04 16:14:27,787	[INFO]	(main.py:25)on_group_at_message_create	from user[7E61198234379490D26B18EA7FA14D69] in group[121ACF0197C29B416DA058BC1BD6EE68]:  /info set name Origami
2026-10-04 16:14:32,638	[INFO]	(main.py:25)on_group_at_message_create	from user[7E61198234379490D26B18EA7FA14D69] in group[121ACF0197C29B416DA058BC1BD6EE68]:  /info
2026-10-04 16:15:46,327	[INFO]	(main.py:25)on_group_at_message_create	from user[7E61198234379490D26B18EA7FA14D69] in group[121ACF0197C29B416DA058BC1BD6EE68]:  /info set name
2026-10-04 16:16:00,980	[INFO]	(main.py:25)on_group_at_message_create	from user[7E61198234379490D26B18EA7FA14D69] in group[121ACF0197C29B416DA058BC1BD6EE68]:  /info
2026-10-04 16:17:52,909	[INFO]	(client.py:162)_bot_login	[botpy] 登录机器人账号中...
2026-10-04 16:17:53,081	[INFO]	(robot.py:65)update_access_token	[botpy] access_token expires_in 6940
2026-10-04 16:17:53,901	[INFO]	(client.py:181)_bot_init	[botpy] 程序启动...
2026-10-04 16:17:53,901	[INFO]	(connection.py:60)multi_run	[botpy] 最大并发连接数: 1, 启动会话数: 1
2026-10-04 16:17:53,901	[INFO]	(client.py:242)bot_connect	[botpy] 会话启动中...
2026-10-04 16:17:53,901	[INFO]	(gateway.py:115)ws_connect	[botpy] 启动中...
2026-10-04 16:17:54,079	[INFO]	(gateway.py:142)ws_identify	[botpy] 鉴权中...
2026-10-04 16:17:54,214	[INFO]	(gateway.py:85)on_message	[botpy] 机器人「Holo」启动成功！
2026-10-04 16:17:54,214	[INFO]	(gateway.py:223)_send_heart	[botpy] 心跳维持启动...
